[debug] [2026-09-13T11:15:18.669Z] ----------------------------------------------------------------------
[debug] [2026-09-13T11:15:18.672Z] Command:       C:\Program Files\nodejs\node.exe C:\Users\Abual\AppData\Local\npm-cache\_npx\7750544ccf494d8b\node_modules\firebase-tools\lib\bin\firebase.js deploy --only hosting --project moi-mat-app
[debug] [2026-09-13T11:15:18.672Z] CLI Version:   15.30.0
[debug] [2026-09-13T11:15:18.672Z] Platform:      win32
[debug] [2026-09-13T11:15:18.672Z] Node Version:  v24.11.1
[debug] [2026-09-13T11:15:18.672Z] Detected Agent: unknown
[debug] [2026-09-13T11:15:18.672Z] Time:          Sun Sep 13 2026 14:15:18 GMT+0300 (GMT+03:00)
[debug] [2026-09-13T11:15:18.672Z] ----------------------------------------------------------------------
[debug] 
[debug] [2026-09-13T11:15:41.540Z] > command requires scopes: ["email","openid","https://www.googleapis.com/auth/cloudplatformprojects.readonly","https://www.googleapis.com/auth/firebase","https://www.googleapis.com/auth/cloud-platform"]
[debug] [2026-09-13T11:15:41.541Z] > authorizing via signed-in user (mohd.abualzait@gmail.com)
[debug] [2026-09-13T11:15:41.541Z] [iam] checking project moi-mat-app for permissions ["firebase.projects.get","firebasehosting.sites.update"]
[debug] [2026-09-13T11:15:41.562Z] Checked if tokens are valid: true, expires at: 1789301651701
[debug] [2026-09-13T11:15:41.562Z] Checked if tokens are valid: true, expires at: 1789301651701
[debug] [2026-09-13T11:15:41.563Z] >>> [apiv2][query] POST https://cloudresourcemanager.googleapis.com/v1/projects/moi-mat-app:testIamPermissions [none]
[debug] [2026-09-13T11:15:41.563Z] >>> [apiv2][(partial)header] POST https://cloudresourcemanager.googleapis.com/v1/projects/moi-mat-app:testIamPermissions  x-goog-user-project=moi-mat-app
[debug] [2026-09-13T11:15:41.563Z] >>> [apiv2][body] POST https://cloudresourcemanager.googleapis.com/v1/projects/moi-mat-app:testIamPermissions {"permissions":["firebase.projects.get","firebasehosting.sites.update"]}
[debug] [2026-09-13T11:15:42.610Z] <<< [apiv2][status] POST https://cloudresourcemanager.googleapis.com/v1/projects/moi-mat-app:testIamPermissions 403
[debug] [2026-09-13T11:15:42.611Z] <<< [apiv2][body] POST https://cloudresourcemanager.googleapis.com/v1/projects/moi-mat-app:testIamPermissions {"error":{"code":403,"message":"Cloud Resource Manager API has not been used in project moi-mat-app before or it is disabled. Enable it by visiting https://console.developers.google.com/apis/api/cloudresourcemanager.googleapis.com/overview?project=moi-mat-app then retry. If you enabled this API recently, wait a few minutes for the action to propagate to our systems and retry.","status":"PERMISSION_DENIED","details":[{"@type":"type.googleapis.com/google.rpc.ErrorInfo","reason":"SERVICE_DISABLED","domain":"googleapis.com","metadata":{"serviceTitle":"Cloud Resource Manager API","consumer":"projects/moi-mat-app","activationUrl":"https://console.developers.google.com/apis/api/cloudresourcemanager.googleapis.com/overview?project=moi-mat-app","service":"cloudresourcemanager.googleapis.com","containerInfo":"moi-mat-app"}},{"@type":"type.googleapis.com/google.rpc.LocalizedMessage","locale":"en-US","message":"Cloud Resource Manager API has not been used in project moi-mat-app before or it is disabled. Enable it by visiting https://console.developers.google.com/apis/api/cloudresourcemanager.googleapis.com/overview?project=moi-mat-app then retry. If you enabled this API recently, wait a few minutes for the action to propagate to our systems and retry."},{"@type":"type.googleapis.com/google.rpc.Help","links":[{"description":"Google developers console API activation","url":"https://console.developers.google.com/apis/api/cloudresourcemanager.googleapis.com/overview?project=moi-mat-app"}]}]}}
[debug] [2026-09-13T11:15:42.611Z] [iam] error while checking permissions, command may fail: Request to https://cloudresourcemanager.googleapis.com/v1/projects/moi-mat-app:testIamPermissions had HTTP Error: 403, Cloud Resource Manager API has not been used in project moi-mat-app before or it is disabled. Enable it by visiting https://console.developers.google.com/apis/api/cloudresourcemanager.googleapis.com/overview?project=moi-mat-app then retry. If you enabled this API recently, wait a few minutes for the action to propagate to our systems and retry.
[debug] [2026-09-13T11:15:42.612Z] Checked if tokens are valid: true, expires at: 1789301651701
[debug] [2026-09-13T11:15:42.612Z] Checked if tokens are valid: true, expires at: 1789301651701
[debug] [2026-09-13T11:15:42.612Z] >>> [apiv2][query] GET https://firebase.googleapis.com/v1beta1/projects/moi-mat-app [none]
[debug] [2026-09-13T11:15:43.570Z] <<< [apiv2][status] GET https://firebase.googleapis.com/v1beta1/projects/moi-mat-app 404
[debug] [2026-09-13T11:15:43.570Z] <<< [apiv2][body] GET https://firebase.googleapis.com/v1beta1/projects/moi-mat-app {"error":{"code":404,"message":"Requested entity was not found.","status":"NOT_FOUND"}}
[debug] [2026-09-13T11:15:43.570Z] Couldn't get project info from firedata for moi-mat-app, trying resource manager. Original error: FirebaseError: Request to https://firebase.googleapis.com/v1beta1/projects/moi-mat-app had HTTP Error: 404, Requested entity was not found.
[debug] [2026-09-13T11:15:43.572Z] Checked if tokens are valid: true, expires at: 1789301651701
[debug] [2026-09-13T11:15:43.573Z] Checked if tokens are valid: true, expires at: 1789301651701
[debug] [2026-09-13T11:15:43.573Z] >>> [apiv2][query] GET https://serviceusage.googleapis.com/v1/projects/moi-mat-app/services/cloudresourcemanager.googleapis.com [none]
[debug] [2026-09-13T11:15:43.573Z] >>> [apiv2][(partial)header] GET https://serviceusage.googleapis.com/v1/projects/moi-mat-app/services/cloudresourcemanager.googleapis.com  x-goog-user-project=moi-mat-app
[debug] [2026-09-13T11:15:44.384Z] <<< [apiv2][status] GET https://serviceusage.googleapis.com/v1/projects/moi-mat-app/services/cloudresourcemanager.googleapis.com 200
[debug] [2026-09-13T11:15:44.384Z] <<< [apiv2][body] GET https://serviceusage.googleapis.com/v1/projects/moi-mat-app/services/cloudresourcemanager.googleapis.com [omitted]
[debug] [2026-09-13T11:15:44.385Z] Checked if tokens are valid: true, expires at: 1789301651701
[debug] [2026-09-13T11:15:44.385Z] Checked if tokens are valid: true, expires at: 1789301651701
[debug] [2026-09-13T11:15:44.385Z] >>> [apiv2][query] POST https://serviceusage.googleapis.com/v1/projects/moi-mat-app/services/cloudresourcemanager.googleapis.com:enable [none]
[debug] [2026-09-13T11:15:44.386Z] >>> [apiv2][(partial)header] POST https://serviceusage.googleapis.com/v1/projects/moi-mat-app/services/cloudresourcemanager.googleapis.com:enable  x-goog-user-project=moi-mat-app
[debug] [2026-09-13T11:15:45.471Z] <<< [apiv2][status] POST https://serviceusage.googleapis.com/v1/projects/moi-mat-app/services/cloudresourcemanager.googleapis.com:enable 200
[debug] [2026-09-13T11:15:45.471Z] <<< [apiv2][body] POST https://serviceusage.googleapis.com/v1/projects/moi-mat-app/services/cloudresourcemanager.googleapis.com:enable [omitted]
[debug] [2026-09-13T11:15:55.495Z] Checked if tokens are valid: true, expires at: 1789301651701
[debug] [2026-09-13T11:15:55.495Z] Checked if tokens are valid: true, expires at: 1789301651701
[debug] [2026-09-13T11:15:55.495Z] >>> [apiv2][query] GET https://cloudresourcemanager.googleapis.com/v1/projects/moi-mat-app [none]
[debug] [2026-09-13T11:15:56.209Z] <<< [apiv2][status] GET https://cloudresourcemanager.googleapis.com/v1/projects/moi-mat-app 200
[debug] [2026-09-13T11:15:56.209Z] <<< [apiv2][body] GET https://cloudresourcemanager.googleapis.com/v1/projects/moi-mat-app {"projectNumber":"436287854556","projectId":"moi-mat-app","lifecycleState":"ACTIVE","name":"moi-mat-app","createTime":"2026-09-13T08:05:33.635Z"}
[debug] [2026-09-13T11:15:56.209Z] the default site does not exist on the Firebase project; asking Hosting.
[debug] [2026-09-13T11:15:56.210Z] Checked if tokens are valid: true, expires at: 1789301651701
[debug] [2026-09-13T11:15:56.210Z] Checked if tokens are valid: true, expires at: 1789301651701
[debug] [2026-09-13T11:15:56.211Z] >>> [apiv2][query] GET https://firebasehosting.googleapis.com/v1beta1/projects/moi-mat-app/sites pageToken=&pageSize=10
[debug] [2026-09-13T11:15:57.335Z] <<< [apiv2][status] GET https://firebasehosting.googleapis.com/v1beta1/projects/moi-mat-app/sites 404
[debug] [2026-09-13T11:15:57.336Z] <<< [apiv2][body] GET https://firebasehosting.googleapis.com/v1beta1/projects/moi-mat-app/sites {"error":{"code":404,"message":"Requested entity was not found.","status":"NOT_FOUND"}}
[error] 
[error] Error: Assertion failed: resolving hosting target of a site with no site name or target name. This should have caused an error earlier
